Archive member included to satisfy reference by file (symbol)

d:/gmd/toolchain/arm_toolchain/bin/../lib/gcc/arm-none-eabi/8.3.1/../../../../arm-none-eabi/lib/thumb/v7-m/nofp\libg.a(lib_a-exit.o)
                              d:/gmd/toolchain/arm_toolchain/bin/../lib/gcc/arm-none-eabi/8.3.1/../../../../arm-none-eabi/lib/thumb/v7-m/nofp/crt0.o (exit)
d:/gmd/toolchain/arm_toolchain/bin/../lib/gcc/arm-none-eabi/8.3.1/../../../../arm-none-eabi/lib/thumb/v7-m/nofp\libg.a(lib_a-impure.o)
                              d:/gmd/toolchain/arm_toolchain/bin/../lib/gcc/arm-none-eabi/8.3.1/../../../../arm-none-eabi/lib/thumb/v7-m/nofp\libg.a(lib_a-exit.o) (_global_impure_ptr)
d:/gmd/toolchain/arm_toolchain/bin/../lib/gcc/arm-none-eabi/8.3.1/../../../../arm-none-eabi/lib/thumb/v7-m/nofp\libg.a(lib_a-init.o)
                              d:/gmd/toolchain/arm_toolchain/bin/../lib/gcc/arm-none-eabi/8.3.1/../../../../arm-none-eabi/lib/thumb/v7-m/nofp/crt0.o (__libc_init_array)
d:/gmd/toolchain/arm_toolchain/bin/../lib/gcc/arm-none-eabi/8.3.1/../../../../arm-none-eabi/lib/thumb/v7-m/nofp\libg.a(lib_a-memset.o)
                              d:/gmd/toolchain/arm_toolchain/bin/../lib/gcc/arm-none-eabi/8.3.1/../../../../arm-none-eabi/lib/thumb/v7-m/nofp/crt0.o (memset)
d:/gmd/toolchain/arm_toolchain/bin/../lib/gcc/arm-none-eabi/8.3.1/../../../../arm-none-eabi/lib/thumb/v7-m/nofp\libg.a(lib_a-__call_atexit.o)
                              d:/gmd/toolchain/arm_toolchain/bin/../lib/gcc/arm-none-eabi/8.3.1/../../../../arm-none-eabi/lib/thumb/v7-m/nofp\libg.a(lib_a-exit.o) (__call_exitprocs)
d:/gmd/toolchain/arm_toolchain/bin/../lib/gcc/arm-none-eabi/8.3.1/../../../../arm-none-eabi/lib/thumb/v7-m/nofp\libg.a(lib_a-atexit.o)
                              d:/gmd/toolchain/arm_toolchain/bin/../lib/gcc/arm-none-eabi/8.3.1/../../../../arm-none-eabi/lib/thumb/v7-m/nofp\libg.a(lib_a-__call_atexit.o) (atexit)
d:/gmd/toolchain/arm_toolchain/bin/../lib/gcc/arm-none-eabi/8.3.1/../../../../arm-none-eabi/lib/thumb/v7-m/nofp\libg.a(lib_a-fini.o)
                              d:/gmd/toolchain/arm_toolchain/bin/../lib/gcc/arm-none-eabi/8.3.1/../../../../arm-none-eabi/lib/thumb/v7-m/nofp\libg.a(lib_a-__call_atexit.o) (__libc_fini_array)
d:/gmd/toolchain/arm_toolchain/bin/../lib/gcc/arm-none-eabi/8.3.1/../../../../arm-none-eabi/lib/thumb/v7-m/nofp\libg.a(lib_a-lock.o)
                              d:/gmd/toolchain/arm_toolchain/bin/../lib/gcc/arm-none-eabi/8.3.1/../../../../arm-none-eabi/lib/thumb/v7-m/nofp\libg.a(lib_a-__call_atexit.o) (__retarget_lock_acquire_recursive)
d:/gmd/toolchain/arm_toolchain/bin/../lib/gcc/arm-none-eabi/8.3.1/../../../../arm-none-eabi/lib/thumb/v7-m/nofp\libg.a(lib_a-__atexit.o)
                              d:/gmd/toolchain/arm_toolchain/bin/../lib/gcc/arm-none-eabi/8.3.1/../../../../arm-none-eabi/lib/thumb/v7-m/nofp\libg.a(lib_a-atexit.o) (__register_exitproc)
d:/gmd/toolchain/arm_toolchain/bin/../lib/gcc/arm-none-eabi/8.3.1/../../../../arm-none-eabi/lib/thumb/v7-m/nofp\libnosys.a(_exit.o)
                              d:/gmd/toolchain/arm_toolchain/bin/../lib/gcc/arm-none-eabi/8.3.1/../../../../arm-none-eabi/lib/thumb/v7-m/nofp\libg.a(lib_a-exit.o) (_exit)

Allocating common symbols
Common symbol       size              file

__lock___atexit_recursive_mutex
                    0x1               d:/gmd/toolchain/arm_toolchain/bin/../lib/gcc/arm-none-eabi/8.3.1/../../../../arm-none-eabi/lib/thumb/v7-m/nofp\libg.a(lib_a-lock.o)
__lock___arc4random_mutex
                    0x1               d:/gmd/toolchain/arm_toolchain/bin/../lib/gcc/arm-none-eabi/8.3.1/../../../../arm-none-eabi/lib/thumb/v7-m/nofp\libg.a(lib_a-lock.o)
__lock___env_recursive_mutex
                    0x1               d:/gmd/toolchain/arm_toolchain/bin/../lib/gcc/arm-none-eabi/8.3.1/../../../../arm-none-eabi/lib/thumb/v7-m/nofp\libg.a(lib_a-lock.o)
__lock___sinit_recursive_mutex
                    0x1               d:/gmd/toolchain/arm_toolchain/bin/../lib/gcc/arm-none-eabi/8.3.1/../../../../arm-none-eabi/lib/thumb/v7-m/nofp\libg.a(lib_a-lock.o)
__lock___malloc_recursive_mutex
                    0x1               d:/gmd/toolchain/arm_toolchain/bin/../lib/gcc/arm-none-eabi/8.3.1/../../../../arm-none-eabi/lib/thumb/v7-m/nofp\libg.a(lib_a-lock.o)
__lock___at_quick_exit_mutex
                    0x1               d:/gmd/toolchain/arm_toolchain/bin/../lib/gcc/arm-none-eabi/8.3.1/../../../../arm-none-eabi/lib/thumb/v7-m/nofp\libg.a(lib_a-lock.o)
__lock___dd_hash_mutex
                    0x1               d:/gmd/toolchain/arm_toolchain/bin/../lib/gcc/arm-none-eabi/8.3.1/../../../../arm-none-eabi/lib/thumb/v7-m/nofp\libg.a(lib_a-lock.o)
__lock___tz_mutex   0x1               d:/gmd/toolchain/arm_toolchain/bin/../lib/gcc/arm-none-eabi/8.3.1/../../../../arm-none-eabi/lib/thumb/v7-m/nofp\libg.a(lib_a-lock.o)
__lock___sfp_recursive_mutex
[...]
Memory Configuration

Name             Origin             Length             Attributes
FLASH            0x00000000         0x00008000         xr
RAM              0x20000000         0x00004000         xrw
*default*        0x00000000         0xffffffff

Linker script and memory map

LOAD d:/gmd/toolchain/arm_toolchain/bin/../lib/gcc/arm-none-eabi/8.3.1/thumb/v7-m/nofp/crti.o
LOAD d:/gmd/toolchain/arm_toolchain/bin/../lib/gcc/arm-none-eabi/8.3.1/thumb/v7-m/nofp/crtbegin.o
LOAD d:/gmd/toolchain/arm_toolchain/bin/../lib/gcc/arm-none-eabi/8.3.1/../../../../arm-none-eabi/lib/thumb/v7-m/nofp/crt0.o
LOAD ./USER/Lcd_Driver.o
LOAD ./USER/NumandChar.o
LOAD ./USER/drv_gpio.o
LOAD ./USER/drv_timer.o
LOAD ./USER/drv_uart.o
LOAD ./USER/gw1ns4c_it.o
LOAD ./USER/main.o
LOAD ./USER/picture.o
LOAD ./USER/retarget.o
LOAD ./SYSTEM/system_gw1ns4c.o
LOAD ./STARTUP/startup_gw1ns4c.o
LOAD ./PERIPHERAL/Sources/gw1ns4c_gpio.o
LOAD ./PERIPHERAL/Sources/gw1ns4c_i2c.o
LOAD ./PERIPHERAL/Sources/gw1ns4c_misc.o
LOAD ./PERIPHERAL/Sources/gw1ns4c_rtc.o
LOAD ./PERIPHERAL/Sources/gw1ns4c_spi.o
LOAD ./PERIPHERAL/Sources/gw1ns4c_syscon.o
LOAD ./PERIPHERAL/Sources/gw1ns4c_timer.o
LOAD ./PERIPHERAL/Sources/gw1ns4c_uart.o
LOAD ./PERIPHERAL/Sources/gw1ns4c_wdog.o
LOAD ./CORE/core_cm3.o
START GROUP
LOAD d:/gmd/toolchain/arm_toolchain/bin/../lib/gcc/arm-none-eabi/8.3.1/thumb/v7-m/nofp\libgcc.a
LOAD d:/gmd/toolchain/arm_toolchain/bin/../lib/gcc/arm-none-eabi/8.3.1/../../../../arm-none-eabi/lib/thumb/v7-m/nofp\libg.a
LOAD d:/gmd/toolchain/arm_toolchain/bin/../lib/gcc/arm-none-eabi/8.3.1/../../../../arm-none-eabi/lib/thumb/v7-m/nofp\libc.a
END GROUP
LOAD d:/gmd/toolchain/arm_toolchain/bin/../lib/gcc/arm-none-eabi/8.3.1/thumb/v7-m/nofp/crtend.o
LOAD d:/gmd/toolchain/arm_toolchain/bin/../lib/gcc/arm-none-eabi/8.3.1/thumb/v7-m/nofp/crtn.o
START GROUP
LOAD d:/gmd/toolchain/arm_toolchain/bin/../lib/gcc/arm-none-eabi/8.3.1/thumb/v7-m/nofp\libgcc.a
LOAD d:/gmd/toolchain/arm_toolchain/bin/../lib/gcc/arm-none-eabi/8.3.1/../../../../arm-none-eabi/lib/thumb/v7-m/nofp\libc.a
LOAD d:/gmd/toolchain/arm_toolchain/bin/../lib/gcc/arm-none-eabi/8.3.1/../../../../arm-none-eabi/lib/thumb/v7-m/nofp\libm.a
LOAD d:/gmd/toolchain/arm_toolchain/bin/../lib/gcc/arm-none-eabi/8.3.1/../../../../arm-none-eabi/lib/thumb/v7-m/nofp\libnosys.a
END GROUP

.text           0x00000000      0xfcc
 *(.isr_vector)
 .isr_vector    0x00000000       0xc0 ./STARTUP/startup_gw1ns4c.o
                0x00000000                __isr_vector
 *(.text*)
 .text.SPI_WriteData_8
                0x000000c0       0x48 ./USER/Lcd_Driver.o
                0x000000c0                SPI_WriteData_8
 .text.Lcd_WriteIndex
                0x00000108       0x26 ./USER/Lcd_Driver.o
                0x00000108                Lcd_WriteIndex
 .text.Lcd_WriteData
                0x0000012e       0x26 ./USER/Lcd_Driver.o
                0x0000012e                Lcd_WriteData
 .text.Lcd_WriteData_16Bit
                0x00000154       0x36 ./USER/Lcd_Driver.o
                0x00000154                Lcd_WriteData_16Bit
 .text.Lcd_Reset
                0x0000018a       0x1c ./USER/Lcd_Driver.o
                0x0000018a                Lcd_Reset
 .text.Lcd_SetRegion
                0x000001a6       0x78 ./USER/Lcd_Driver.o
                0x000001a6                Lcd_SetRegion
 .text.DrawPixel
                0x0000021e       0x36 ./USER/Lcd_Driver.o
                0x0000021e                DrawPixel
 .text.ShowNum  0x00000254       0xce ./USER/Lcd_Driver.o
                0x00000254                ShowNum
 .text.Lcd_Clear
                0x00000322       0x4a ./USER/Lcd_Driver.o
                0x00000322                Lcd_Clear
 .text.Lcd_Init
                0x0000036c      0x1ce ./USER/Lcd_Driver.o
                0x0000036c                Lcd_Init
 *fill*         0x0000053a        0x2 
 .text.EnableBLK
                0x0000053c       0x14 ./USER/Lcd_Driver.o
                0x0000053c                EnableBLK
 .text.EnableRES
                0x00000550       0x14 ./USER/Lcd_Driver.o
                0x00000550                EnableRES
 .text.ClearRES
                0x00000564       0x14 ./USER/Lcd_Driver.o
                0x00000564                ClearRES
 .text.EnableDC
                0x00000578       0x14 ./USER/Lcd_Driver.o
                0x00000578                EnableDC
 .text.ClearDC  0x0000058c       0x14 ./USER/Lcd_Driver.o
                0x0000058c                ClearDC
 .text.EnableSCLK
                0x000005a0       0x14 ./USER/Lcd_Driver.o
                0x000005a0                EnableSCLK
 .text.ClearSCLK
                0x000005b4       0x14 ./USER/Lcd_Driver.o
                0x000005b4                ClearSCLK
 .text.EnableCS
                0x000005c8       0x14 ./USER/Lcd_Driver.o
                0x000005c8                EnableCS
 .text.ClearCS  0x000005dc       0x14 ./USER/Lcd_Driver.o
                0x000005dc                ClearCS
 .text.EnableSDA
                0x000005f0       0x14 ./USER/Lcd_Driver.o
                0x000005f0                EnableSDA
 .text.ClearSDA
                0x00000604       0x14 ./USER/Lcd_Driver.o
                0x00000604                ClearSDA
 .text.gpio_read
                0x00000618       0x28 ./USER/drv_gpio.o
                0x00000618                gpio_read
 .text.NVIC_SetPriority
                0x00000640       0x54 ./USER/drv_timer.o
 .text.SysTick_Config
                0x00000694       0x44 ./USER/drv_timer.o
 .text.delay_init
                0x000006d8       0x10 ./USER/drv_timer.o
                0x000006d8                delay_init
 .text.SysTick_Handler
                0x000006e8       0x38 ./USER/drv_timer.o
                0x000006e8                SysTick_Handler
 .text.delay_ms
                0x00000720       0x40 ./USER/drv_timer.o
                0x00000720                delay_ms
 .text.NMI_Handler
                0x00000760        0xc ./USER/gw1ns4c_it.o
                0x00000760                NMI_Handler
 .text.HardFault_Handler
                0x0000076c        0x6 ./USER/gw1ns4c_it.o
                0x0000076c                HardFault_Handler
 .text.MemManage_Handler
                0x00000772        0x6 ./USER/gw1ns4c_it.o
                0x00000772                MemManage_Handler
 .text.BusFault_Handler
                0x00000778        0x6 ./USER/gw1ns4c_it.o
                0x00000778                BusFault_Handler
 .text.UsageFault_Handler
                0x0000077e        0x6 ./USER/gw1ns4c_it.o
                0x0000077e                UsageFault_Handler
 .text.SVC_Handler
                0x00000784        0xc ./USER/gw1ns4c_it.o
                0x00000784                SVC_Handler
 .text.DebugMon_Handler
                0x00000790        0xc ./USER/gw1ns4c_it.o
                0x00000790                DebugMon_Handler
 .text.PendSV_Handler
                0x0000079c        0xc ./USER/gw1ns4c_it.o
                0x0000079c                PendSV_Handler
 .text.USER_INT0_Handler
                0x000007a8        0xc ./USER/gw1ns4c_it.o
                0x000007a8                USER_INT0_Handler
 .text.USER_INT1_Handler
                0x000007b4        0xc ./USER/gw1ns4c_it.o
                0x000007b4                USER_INT1_Handler
 .text.USER_INT2_Handler
                0x000007c0        0xc ./USER/gw1ns4c_it.o
                0x000007c0                USER_INT2_Handler
 .text.USER_INT3_Handler
                0x000007cc        0xc ./USER/gw1ns4c_it.o
                0x000007cc                USER_INT3_Handler
 .text.USER_INT4_Handler
                0x000007d8        0xc ./USER/gw1ns4c_it.o
                0x000007d8                USER_INT4_Handler
 .text.USER_INT5_Handler
                0x000007e4        0xc ./USER/gw1ns4c_it.o
                0x000007e4                USER_INT5_Handler
 .text.UART0_Handler
                0x000007f0        0xc ./USER/gw1ns4c_it.o
                0x000007f0                UART0_Handler
 .text.UART1_Handler
                0x000007fc        0xc ./USER/gw1ns4c_it.o
                0x000007fc                UART1_Handler
 .text.TIMER0_Handler
                0x00000808        0xc ./USER/gw1ns4c_it.o
                0x00000808                TIMER0_Handler
 .text.TIMER1_Handler
                0x00000814        0xc ./USER/gw1ns4c_it.o
                0x00000814                TIMER1_Handler
 .text.I2C_Handler
                0x00000820        0xc ./USER/gw1ns4c_it.o
                0x00000820                I2C_Handler
 .text.RTC_Handler
                0x0000082c        0xc ./USER/gw1ns4c_it.o
                0x0000082c                RTC_Handler
 .text.PORT0_0_Handler
                0x00000838        0xc ./USER/gw1ns4c_it.o
                0x00000838                PORT0_0_Handler
 .text.PORT0_1_Handler
                0x00000844        0xc ./USER/gw1ns4c_it.o
                0x00000844                PORT0_1_Handler
 .text.PORT0_2_Handler
                0x00000850        0xc ./USER/gw1ns4c_it.o
                0x00000850                PORT0_2_Handler
 .text.PORT0_3_Handler
                0x0000085c        0xc ./USER/gw1ns4c_it.o
                0x0000085c                PORT0_3_Handler
 .text.PORT0_4_Handler
                0x00000868        0xc ./USER/gw1ns4c_it.o
                0x00000868                PORT0_4_Handler
 .text.PORT0_5_Handler
                0x00000874        0xc ./USER/gw1ns4c_it.o
                0x00000874                PORT0_5_Handler
 .text.PORT0_6_Handler
                0x00000880        0xc ./USER/gw1ns4c_it.o
                0x00000880                PORT0_6_Handler
 .text.PORT0_7_Handler
                0x0000088c        0xc ./USER/gw1ns4c_it.o
                0x0000088c                PORT0_7_Handler
 .text.PORT0_8_Handler
                0x00000898        0xc ./USER/gw1ns4c_it.o
                0x00000898                PORT0_8_Handler
 .text.PORT0_9_Handler
                0x000008a4        0xc ./USER/gw1ns4c_it.o
                0x000008a4                PORT0_9_Handler
 .text.PORT0_10_Handler
                0x000008b0        0xc ./USER/gw1ns4c_it.o
                0x000008b0                PORT0_10_Handler
 .text.PORT0_11_Handler
                0x000008bc        0xc ./USER/gw1ns4c_it.o
                0x000008bc                PORT0_11_Handler
 .text.PORT0_12_Handler
                0x000008c8        0xc ./USER/gw1ns4c_it.o
                0x000008c8                PORT0_12_Handler
 .text.PORT0_13_Handler
                0x000008d4        0xc ./USER/gw1ns4c_it.o
                0x000008d4                PORT0_13_Handler
 .text.PORT0_14_Handler
                0x000008e0        0xc ./USER/gw1ns4c_it.o
                0x000008e0                PORT0_14_Handler
 .text.PORT0_15_Handler
                0x000008ec        0xc ./USER/gw1ns4c_it.o
                0x000008ec                PORT0_15_Handler
 .text.main     0x000008f8       0x9c ./USER/main.o
                0x000008f8                main
 .text.SystemCoreClockUpdate
                0x00000994       0x40 ./SYSTEM/system_gw1ns4c.o
                0x00000994                SystemCoreClockUpdate
 .text.SystemInit
                0x000009d4       0x40 ./SYSTEM/system_gw1ns4c.o
                0x000009d4                SystemInit
 .text          0x00000a14       0x98 ./STARTUP/startup_gw1ns4c.o
                0x00000a14                Reset_Handler
                0x00000a7a                PORT0_COMB_Handler
                0x00000a84                UARTOVF_Handler
                0x00000a8a                Spare15_Handler
 .text.GPIO_SetBit
                0x00000aac       0x20 ./PERIPHERAL/Sources/gw1ns4c_gpio.o
                0x00000aac                GPIO_SetBit
 .text.GPIO_ResetBit
                0x00000acc       0x22 ./PERIPHERAL/Sources/gw1ns4c_gpio.o
                0x00000acc                GPIO_ResetBit
 .text.GPIO_ReadBits
                0x00000aee       0x16 ./PERIPHERAL/Sources/gw1ns4c_gpio.o
                0x00000aee                GPIO_ReadBits
 .text.exit     0x00000b04       0x20 d:/gmd/toolchain/arm_toolchain/bin/../lib/gcc/arm-none-eabi/8.3.1/../../../../arm-none-eabi/lib/thumb/v7-m/nofp\libg.a(lib_a-exit.o)
                0x00000b04                exit
 .text.__call_exitprocs
                0x00000b24       0xb0 d:/gmd/toolchain/arm_toolchain/bin/../lib/gcc/arm-none-eabi/8.3.1/../../../../arm-none-eabi/lib/thumb/v7-m/nofp\libg.a(lib_a-__call_atexit.o)
                0x00000b24                __call_exitprocs
 .text.__retarget_lock_acquire_recursive
                0x00000bd4        0x4 d:/gmd/toolchain/arm_toolchain/bin/../lib/gcc/arm-none-eabi/8.3.1/../../../../arm-none-eabi/lib/thumb/v7-m/nofp\libg.a(lib_a-lock.o)
                0x00000bd4                __retarget_lock_acquire_recursive
 .text.__retarget_lock_release_recursive
                0x00000bd8        0x4 d:/gmd/toolchain/arm_toolchain/bin/../lib/gcc/arm-none-eabi/8.3.1/../../../../arm-none-eabi/lib/thumb/v7-m/nofp\libg.a(lib_a-lock.o)
                0x00000bd8                __retarget_lock_release_recursive
 .text._exit    0x00000bdc        0x4 d:/gmd/toolchain/arm_toolchain/bin/../lib/gcc/arm-none-eabi/8.3.1/../../../../arm-none-eabi/lib/thumb/v7-m/nofp\libnosys.a(_exit.o)
                0x00000bdc                _exit
 *(.init)
 .init          0x00000be0        0x4 d:/gmd/toolchain/arm_toolchain/bin/../lib/gcc/arm-none-eabi/8.3.1/thumb/v7-m/nofp/crti.o
                0x00000be0                _init
 *(.fini)
 .fini          0x00000be4        0x4 d:/gmd/toolchain/arm_toolchain/bin/../lib/gcc/arm-none-eabi/8.3.1/thumb/v7-m/nofp/crti.o
                0x00000be4                _fini
 *crtbegin.o(.ctors)
 *crtbegin?.o(.ctors)
 *(EXCLUDE_FILE(*crtend.o *crtend?.o) .ctors)
 *(SORT_BY_NAME(.ctors.*))
 *(.ctors)
 *crtbegin.o(.dtors)
 *crtbegin?.o(.dtors)
 *(EXCLUDE_FILE(*crtend.o *crtend?.o) .dtors)
 *(SORT_BY_NAME(.dtors.*))
 *(.dtors)
 *(.rodata*)
 .rodata.asc16  0x00000be8      0x3e0 ./USER/NumandChar.o
                0x00000be8                asc16
 .rodata._global_impure_ptr
                0x00000fc8        0x4 d:/gmd/toolchain/arm_toolchain/bin/../lib/gcc/arm-none-eabi/8.3.1/../../../../arm-none-eabi/lib/thumb/v7-m/nofp\libg.a(lib_a-impure.o)
                0x00000fc8                _global_impure_ptr
 *(.eh_frame*)

.glue_7         0x00000fcc        0x0
 .glue_7        0x00000fcc        0x0 linker stubs

.glue_7t        0x00000fcc        0x0
 .glue_7t       0x00000fcc        0x0 linker stubs

.vfp11_veneer   0x00000fcc        0x0
 .vfp11_veneer  0x00000fcc        0x0 linker stubs

.v4_bx          0x00000fcc        0x0
 .v4_bx         0x00000fcc        0x0 linker stubs

.iplt           0x00000fcc        0x0
 .iplt          0x00000fcc        0x0 ./USER/Lcd_Driver.o

.rel.dyn        0x00000fcc        0x0
 .rel.iplt      0x00000fcc        0x0 ./USER/Lcd_Driver.o

.ARM.extab
 *(.ARM.extab* .gnu.linkonce.armextab.*)
                0x00000fcc                __exidx_start = .

.ARM.exidx
 *(.ARM.exidx* .gnu.linkonce.armexidx.*)
                0x00000fcc                __exidx_end = .
                0x00000fcc                __etext = .

.data           0x20000000      0x43c load address 0x00000fcc
                0x20000000                __data_start__ = .
 *(vtable)
 *(.data*)
 .data.SystemCoreClock
                0x20000000        0x4 ./SYSTEM/system_gw1ns4c.o
                0x20000000                SystemCoreClock
 .data.PCLK1    0x20000004        0x4 ./SYSTEM/system_gw1ns4c.o
                0x20000004                PCLK1
 .data.PCLK2    0x20000008        0x4 ./SYSTEM/system_gw1ns4c.o
                0x20000008                PCLK2
 .data.HCLK     0x2000000c        0x4 ./SYSTEM/system_gw1ns4c.o
                0x2000000c                HCLK
 .data.impure_data
                0x20000010      0x428 d:/gmd/toolchain/arm_toolchain/bin/../lib/gcc/arm-none-eabi/8.3.1/../../../../arm-none-eabi/lib/thumb/v7-m/nofp\libg.a(lib_a-impure.o)
 .data.__atexit_recursive_mutex
                0x20000438        0x4 d:/gmd/toolchain/arm_toolchain/bin/../lib/gcc/arm-none-eabi/8.3.1/../../../../arm-none-eabi/lib/thumb/v7-m/nofp\libg.a(lib_a-__call_atexit.o)
                0x20000438                __atexit_recursive_mutex
                0x2000043c                . = ALIGN (0x4)
                0x2000043c                PROVIDE (__preinit_array_start = .)
 *(.preinit_array)
                0x2000043c                PROVIDE (__preinit_array_end = .)
                0x2000043c                . = ALIGN (0x4)
                0x2000043c                PROVIDE (__init_array_start = .)
 *(SORT_BY_NAME(.init_array.*))
 *(.init_array)
                0x2000043c                PROVIDE (__init_array_end = .)
                0x2000043c                . = ALIGN (0x4)
                0x2000043c                PROVIDE (__fini_array_start = .)
 *(SORT_BY_NAME(.fini_array.*))
 *(.fini_array)
                0x2000043c                PROVIDE (__fini_array_end = .)
                0x2000043c                . = ALIGN (0x4)
                0x2000043c                __data_end__ = .

.igot.plt       0x2000043c        0x0 load address 0x00001408
 .igot.plt      0x2000043c        0x0 ./USER/Lcd_Driver.o

.bss            0x2000043c       0x2c load address 0x00001408
                0x2000043c                . = ALIGN (0x4)
                0x2000043c                __bss_start__ = .
 *(.bss*)
 .bss.fac_us    0x2000043c        0x4 ./USER/drv_timer.o
                0x2000043c                fac_us
 .bss.fac_ms    0x20000440        0x4 ./USER/drv_timer.o
                0x20000440                fac_ms
 *(COMMON)
 COMMON         0x20000444       0x21 d:/gmd/toolchain/arm_toolchain/bin/../lib/gcc/arm-none-eabi/8.3.1/../../../../arm-none-eabi/lib/thumb/v7-m/nofp\libg.a(lib_a-lock.o)
                0x20000444                __lock___atexit_recursive_mutex
                0x20000448                __lock___arc4random_mutex
                0x2000044c                __lock___env_recursive_mutex
                0x20000450                __lock___sinit_recursive_mutex
                0x20000454                __lock___malloc_recursive_mutex
                0x20000458                __lock___at_quick_exit_mutex
                0x2000045c                __lock___dd_hash_mutex
                0x20000460                __lock___tz_mutex
                0x20000464                __lock___sfp_recursive_mutex
                0x20000468                . = ALIGN (0x4)
 *fill*         0x20000465        0x3 
                0x20000468                __bss_end__ = .

.heap           0x20000468      0x200
                0x20000468                __end__ = .
                0x20000468                end = __end__
 *(.heap*)
 .heap          0x20000468      0x200 ./STARTUP/startup_gw1ns4c.o
                0x20000468                __HeapBase
                0x20000668                __HeapLimit = .

.stack_dummy    0x20000468      0x400
 *(.stack*)
 .stack         0x20000468      0x400 ./STARTUP/startup_gw1ns4c.o
                0x20004000                __StackTop = (ORIGIN (RAM) + LENGTH (RAM))
                0x20003c00                __StackLimit = (__StackTop - SIZEOF (.stack_dummy))
                0x20004000                PROVIDE (__stack = __StackTop)
                0x00000001                ASSERT ((__StackLimit >= __HeapLimit), region RAM overflowed with stack)
OUTPUT(gowin_empu_gw1ns4c.elf elf32-littlearm)

.ARM.attributes
                0x00000000       0x29
 .ARM.attributes
                0x00000000       0x1d d:/gmd/toolchain/arm_toolchain/bin/../lib/gcc/arm-none-eabi/8.3.1/thumb/v7-m/nofp/crti.o
 .ARM.attributes
                0x0000001d       0x2d ./USER/Lcd_Driver.o
 .ARM.attributes
                0x0000004a       0x33 ./USER/NumandChar.o
 .ARM.attributes
                0x0000007d       0x2d ./USER/drv_gpio.o
 .ARM.attributes
                0x000000aa       0x2d ./USER/drv_timer.o
 .ARM.attributes
                0x000000d7       0x2d ./USER/gw1ns4c_it.o
 .ARM.attributes
                0x00000104       0x2d ./USER/main.o
 .ARM.attributes
                0x00000131       0x2d ./SYSTEM/system_gw1ns4c.o
 .ARM.attributes
                0x0000015e       0x1b ./STARTUP/startup_gw1ns4c.o
 .ARM.attributes
                0x00000179       0x2d ./PERIPHERAL/Sources/gw1ns4c_gpio.o
 .ARM.attributes
                0x000001a6       0x2d d:/gmd/toolchain/arm_toolchain/bin/../lib/gcc/arm-none-eabi/8.3.1/../../../../arm-none-eabi/lib/thumb/v7-m/nofp\libg.a(lib_a-exit.o)
 .ARM.attributes
                0x000001d3       0x2d d:/gmd/toolchain/arm_toolchain/bin/../lib/gcc/arm-none-eabi/8.3.1/../../../../arm-none-eabi/lib/thumb/v7-m/nofp\libg.a(lib_a-impure.o)
 .ARM.attributes
                0x00000200       0x2d d:/gmd/toolchain/arm_toolchain/bin/../lib/gcc/arm-none-eabi/8.3.1/../../../../arm-none-eabi/lib/thumb/v7-m/nofp\libg.a(lib_a-__call_atexit.o)
 .ARM.attributes
                0x0000022d       0x2d d:/gmd/toolchain/arm_toolchain/bin/../lib/gcc/arm-none-eabi/8.3.1/../../../../arm-none-eabi/lib/thumb/v7-m/nofp\libg.a(lib_a-lock.o)
 .ARM.attributes
                0x0000025a       0x2d d:/gmd/toolchain/arm_toolchain/bin/../lib/gcc/arm-none-eabi/8.3.1/../../../../arm-none-eabi/lib/thumb/v7-m/nofp\libnosys.a(_exit.o)

.comment        0x00000000       0x76
 .comment       0x00000000       0x76 ./USER/Lcd_Driver.o
                                 0x77 (size before relaxing)
 .comment       0x00000076       0x77 ./USER/NumandChar.o
 .comment       0x00000076       0x77 ./USER/drv_gpio.o
 .comment       0x00000076       0x77 ./USER/drv_timer.o
 .comment       0x00000076       0x77 ./USER/gw1ns4c_it.o
 .comment       0x00000076       0x77 ./USER/main.o
 .comment       0x00000076       0x77 ./SYSTEM/system_gw1ns4c.o
 .comment       0x00000076       0x77 ./PERIPHERAL/Sources/gw1ns4c_gpio.o

.debug_info     0x00000000     0x2fef
 .debug_info    0x00000000     0x105a ./USER/Lcd_Driver.o
 .debug_info    0x0000105a       0x5d ./USER/NumandChar.o
 .debug_info    0x000010b7      0x332 ./USER/drv_gpio.o
 .debug_info    0x000013e9      0x5d7 ./USER/drv_timer.o
 .debug_info    0x000019c0      0x362 ./USER/gw1ns4c_it.o
 .debug_info    0x00001d22      0xa52 ./USER/main.o
 .debug_info    0x00002774      0x126 ./SYSTEM/system_gw1ns4c.o
 .debug_info    0x0000289a       0x26 ./STARTUP/startup_gw1ns4c.o
 .debug_info    0x000028c0      0x72f ./PERIPHERAL/Sources/gw1ns4c_gpio.o

.debug_abbrev   0x00000000      0xb7b
 .debug_abbrev  0x00000000      0x2bf ./USER/Lcd_Driver.o
 .debug_abbrev  0x000002bf       0x4a ./USER/NumandChar.o
 .debug_abbrev  0x00000309      0x13f ./USER/drv_gpio.o
 .debug_abbrev  0x00000448      0x20d ./USER/drv_timer.o
 .debug_abbrev  0x00000655       0x9d ./USER/gw1ns4c_it.o
 .debug_abbrev  0x000006f2      0x21d ./USER/main.o
 .debug_abbrev  0x0000090f       0x92 ./SYSTEM/system_gw1ns4c.o
 .debug_abbrev  0x000009a1       0x14 ./STARTUP/startup_gw1ns4c.o
 .debug_abbrev  0x000009b5      0x1c6 ./PERIPHERAL/Sources/gw1ns4c_gpio.o

.debug_aranges  0x00000000      0x3f0
 .debug_aranges
                0x00000000       0xf8 ./USER/Lcd_Driver.o
 .debug_aranges
                0x000000f8       0x18 ./USER/NumandChar.o
 .debug_aranges
                0x00000110       0x40 ./USER/drv_gpio.o
 .debug_aranges
                0x00000150       0x48 ./USER/drv_timer.o
 .debug_aranges
                0x00000198      0x138 ./USER/gw1ns4c_it.o
 .debug_aranges
                0x000002d0       0x20 ./USER/main.o
 .debug_aranges
                0x000002f0       0x28 ./SYSTEM/system_gw1ns4c.o
 .debug_aranges
                0x00000318       0x20 ./STARTUP/startup_gw1ns4c.o
 .debug_aranges
                0x00000338       0xb8 ./PERIPHERAL/Sources/gw1ns4c_gpio.o

.debug_ranges   0x00000000      0x348
 .debug_ranges  0x00000000       0xe8 ./USER/Lcd_Driver.o
 .debug_ranges  0x000000e8       0x30 ./USER/drv_gpio.o
 .debug_ranges  0x00000118       0x38 ./USER/drv_timer.o
 .debug_ranges  0x00000150      0x128 ./USER/gw1ns4c_it.o
 .debug_ranges  0x00000278       0x10 ./USER/main.o
 .debug_ranges  0x00000288       0x18 ./SYSTEM/system_gw1ns4c.o
 .debug_ranges  0x000002a0       0xa8 ./PERIPHERAL/Sources/gw1ns4c_gpio.o

.debug_macro    0x00000000     0x3510
 .debug_macro   0x00000000      0x2bd ./USER/Lcd_Driver.o
 .debug_macro   0x000002bd      0xa78 ./USER/Lcd_Driver.o
 .debug_macro   0x00000d35       0x22 ./USER/Lcd_Driver.o
 .debug_macro   0x00000d57       0x58 ./USER/Lcd_Driver.o
 .debug_macro   0x00000daf       0x18 ./USER/Lcd_Driver.o
 .debug_macro   0x00000dc7       0x94 ./USER/Lcd_Driver.o
 .debug_macro   0x00000e5b       0x35 ./USER/Lcd_Driver.o
 .debug_macro   0x00000e90       0x34 ./USER/Lcd_Driver.o
 .debug_macro   0x00000ec4       0x16 ./USER/Lcd_Driver.o
 .debug_macro   0x00000eda       0x57 ./USER/Lcd_Driver.o
 .debug_macro   0x00000f31       0x97 ./USER/Lcd_Driver.o
 .debug_macro   0x00000fc8      0x339 ./USER/Lcd_Driver.o
 .debug_macro   0x00001301       0xfd ./USER/Lcd_Driver.o
 .debug_macro   0x000013fe       0x10 ./USER/Lcd_Driver.o
 .debug_macro   0x0000140e       0x16 ./USER/Lcd_Driver.o
 .debug_macro   0x00001424       0x43 ./USER/Lcd_Driver.o
 .debug_macro   0x00001467       0x34 ./USER/Lcd_Driver.o
 .debug_macro   0x0000149b       0x10 ./USER/Lcd_Driver.o
 .debug_macro   0x000014ab       0x58 ./USER/Lcd_Driver.o
 .debug_macro   0x00001503      0x182 ./USER/Lcd_Driver.o
 .debug_macro   0x00001685       0x10 ./USER/Lcd_Driver.o
 .debug_macro   0x00001695       0x6a ./USER/Lcd_Driver.o
 .debug_macro   0x000016ff       0x1c ./USER/Lcd_Driver.o
 .debug_macro   0x0000171b       0x52 ./USER/Lcd_Driver.o
 .debug_macro   0x0000176d       0x40 ./USER/Lcd_Driver.o
 .debug_macro   0x000017ad       0x10 ./USER/Lcd_Driver.o
 .debug_macro   0x000017bd       0x40 ./USER/Lcd_Driver.o
 .debug_macro   0x000017fd       0xd5 ./USER/Lcd_Driver.o
 .debug_macro   0x000018d2       0x1c ./USER/Lcd_Driver.o
 .debug_macro   0x000018ee       0x3d ./USER/Lcd_Driver.o
 .debug_macro   0x0000192b       0x16 ./USER/Lcd_Driver.o
 .debug_macro   0x00001941      0x16f ./USER/Lcd_Driver.o
 .debug_macro   0x00001ab0       0x16 ./USER/Lcd_Driver.o
 .debug_macro   0x00001ac6       0x35 ./USER/Lcd_Driver.o
 .debug_macro   0x00001afb       0x16 ./USER/Lcd_Driver.o
 .debug_macro   0x00001b11       0x29 ./USER/Lcd_Driver.o
 .debug_macro   0x00001b3a       0x16 ./USER/Lcd_Driver.o
 .debug_macro   0x00001b50       0x46 ./USER/Lcd_Driver.o
 .debug_macro   0x00001b96       0x22 ./USER/Lcd_Driver.o
 .debug_macro   0x00001bb8       0x22 ./USER/Lcd_Driver.o
 .debug_macro   0x00001bda      0x103 ./USER/Lcd_Driver.o
 .debug_macro   0x00001cdd      0x1df ./USER/Lcd_Driver.o
 .debug_macro   0x00001ebc      0x7b7 ./USER/Lcd_Driver.o
 .debug_macro   0x00002673      0x314 ./USER/Lcd_Driver.o
 .debug_macro   0x00002987       0x6a ./USER/Lcd_Driver.o
 .debug_macro   0x000029f1       0x3a ./USER/Lcd_Driver.o
 .debug_macro   0x00002a2b       0x7c ./USER/Lcd_Driver.o
 .debug_macro   0x00002aa7       0x22 ./USER/Lcd_Driver.o
 .debug_macro   0x00002ac9       0x64 ./USER/Lcd_Driver.o
 .debug_macro   0x00002b2d       0x58 ./USER/Lcd_Driver.o
 .debug_macro   0x00002b85       0x34 ./USER/Lcd_Driver.o
 .debug_macro   0x00002bb9       0x1c ./USER/Lcd_Driver.o
 .debug_macro   0x00002bd5       0x11 ./USER/NumandChar.o
 .debug_macro   0x00002be6       0xfa ./USER/drv_gpio.o
 .debug_macro   0x00002ce0       0x8e ./USER/drv_gpio.o
 .debug_macro   0x00002d6e       0x51 ./USER/drv_gpio.o
 .debug_macro   0x00002dbf       0xfa ./USER/drv_timer.o
 .debug_macro   0x00002eb9      0x100 ./USER/gw1ns4c_it.o
 .debug_macro   0x00002fb9      0x2c3 ./USER/main.o
 .debug_macro   0x0000327c       0x5e ./USER/main.o
 .debug_macro   0x000032da      0x102 ./SYSTEM/system_gw1ns4c.o
 .debug_macro   0x000033dc      0x100 ./PERIPHERAL/Sources/gw1ns4c_gpio.o
 .debug_macro   0x000034dc       0x34 ./PERIPHERAL/Sources/gw1ns4c_gpio.o

.debug_line     0x00000000     0x29a8
 .debug_line    0x00000000      0x9f5 ./USER/Lcd_Driver.o
 .debug_line    0x000009f5       0x35 ./USER/NumandChar.o
 .debug_line    0x00000a2a      0x420 ./USER/drv_gpio.o
 .debug_line    0x00000e4a      0x4ad ./USER/drv_timer.o
 .debug_line    0x000012f7      0x65a ./USER/gw1ns4c_it.o
 .debug_line    0x00001951      0x5a6 ./USER/main.o
 .debug_line    0x00001ef7      0x3d9 ./SYSTEM/system_gw1ns4c.o
 .debug_line    0x000022d0       0x98 ./STARTUP/startup_gw1ns4c.o
 .debug_line    0x00002368      0x640 ./PERIPHERAL/Sources/gw1ns4c_gpio.o

.debug_str      0x00000000     0xd410
 .debug_str     0x00000000     0xca83 ./USER/Lcd_Driver.o
                               0xccdc (size before relaxing)
 .debug_str     0x0000ca83       0x15 ./USER/NumandChar.o
                               0x2d7b (size before relaxing)
 .debug_str     0x0000ca98       0x83 ./USER/drv_gpio.o
                               0x88a1 (size before relaxing)
 .debug_str     0x0000cb1b      0x374 ./USER/drv_timer.o
                               0x8b1e (size before relaxing)
 .debug_str     0x0000ce8f      0x269 ./USER/gw1ns4c_it.o
                               0x89e5 (size before relaxing)
 .debug_str     0x0000d0f8       0x1a ./USER/main.o
                               0xca96 (size before relaxing)
 .debug_str     0x0000d112       0x6d ./SYSTEM/system_gw1ns4c.o
                               0x87e9 (size before relaxing)
 .debug_str     0x0000d17f       0x2b ./STARTUP/startup_gw1ns4c.o
                                 0x60 (size before relaxing)
 .debug_str     0x0000d1aa      0x266 ./PERIPHERAL/Sources/gw1ns4c_gpio.o
                               0x8aab (size before relaxing)

.debug_frame    0x00000000      0xe9c
 .debug_frame   0x00000000      0x388 ./USER/Lcd_Driver.o
 .debug_frame   0x00000388       0xc0 ./USER/drv_gpio.o
 .debug_frame   0x00000448       0xe0 ./USER/drv_timer.o
 .debug_frame   0x00000528      0x470 ./USER/gw1ns4c_it.o
 .debug_frame   0x00000998       0x30 ./USER/main.o
 .debug_frame   0x000009c8       0x50 ./SYSTEM/system_gw1ns4c.o
 .debug_frame   0x00000a18      0x330 ./PERIPHERAL/Sources/gw1ns4c_gpio.o
 .debug_frame   0x00000d48       0x28 d:/gmd/toolchain/arm_toolchain/bin/../lib/gcc/arm-none-eabi/8.3.1/../../../../arm-none-eabi/lib/thumb/v7-m/nofp\libg.a(lib_a-exit.o)
 .debug_frame   0x00000d70       0x5c d:/gmd/toolchain/arm_toolchain/bin/../lib/gcc/arm-none-eabi/8.3.1/../../../../arm-none-eabi/lib/thumb/v7-m/nofp\libg.a(lib_a-__call_atexit.o)
 .debug_frame   0x00000dcc       0xb0 d:/gmd/toolchain/arm_toolchain/bin/../lib/gcc/arm-none-eabi/8.3.1/../../../../arm-none-eabi/lib/thumb/v7-m/nofp\libg.a(lib_a-lock.o)
 .debug_frame   0x00000e7c       0x20 d:/gmd/toolchain/arm_toolchain/bin/../lib/gcc/arm-none-eabi/8.3.1/../../../../arm-none-eabi/lib/thumb/v7-m/nofp\libnosys.a(_exit.o)
